[15:53:28 DBG] Recyclarr Version: 8.3.2+Branch.master.Sha.fc0c22a607bee044f242f84adf25ca1c284126a5
[15:53:28 DBG] App Data Dir: /config
[15:53:28 INF] Initializing provider: official (type: trash-guides)
[15:53:28 DBG] Using URL: https://github.com/TRaSH-Guides/Guides.git, Refs: ["master","main"]
[15:53:28 DBG] Initializing new repository at /config/resources/trash-guides/git/official
[15:53:28 DBG] Executing git command with args: ["init"]
[15:53:28 DBG] Command Output: Initialized empty Git repository in /config/resources/trash-guides/git/official/.git/
[15:53:28 DBG] Attempting to fetch reference: master
[15:53:28 DBG] Executing git command with args: ["fetch","--depth","1","https://github.com/TRaSH-Guides/Guides.git","master"]
[15:53:30 DBG] Command Output: 
[15:53:30 DBG] Successfully fetched reference: master
[15:53:30 DBG] Executing git command with args: ["reset","--hard","FETCH_HEAD"]
[15:53:32 DBG] Command Output: HEAD is now at 6555b2a fix(radarr): Validate Remux source and modifier semantics in CI (#2829)
[15:53:32 DBG] MapResourcePaths called for provider official at /config/resources/trash-guides/git/official
[15:53:32 DBG] Provider official: GlobJsonFiles received 1 paths
[15:53:32 DBG] Provider official: Checking docs/json/radarr/cf (Exists: True)
[15:53:32 DBG] Provider official: Found 240 files in docs/json/radarr/cf
[15:53:32 DBG] Provider official: GlobJsonFiles received 1 paths
[15:53:32 DBG] Provider official: Checking docs/json/radarr/quality-size (Exists: True)
[15:53:32 DBG] Provider official: Found 4 files in docs/json/radarr/quality-size
[15:53:32 DBG] Provider official: GlobJsonFiles received 1 paths
[15:53:32 DBG] Provider official: Checking docs/json/radarr/naming (Exists: True)
[15:53:32 DBG] Provider official: Found 1 files in docs/json/radarr/naming
[15:53:32 DBG] Provider official: GlobJsonFiles received 1 paths
[15:53:32 DBG] Provider official: Checking docs/json/sonarr/cf (Exists: True)
[15:53:32 DBG] Provider official: Found 235 files in docs/json/sonarr/cf
[15:53:32 DBG] Provider official: GlobJsonFiles received 1 paths
[15:53:32 DBG] Provider official: Checking docs/json/sonarr/quality-size (Exists: True)
[15:53:32 DBG] Provider official: Found 2 files in docs/json/sonarr/quality-size
[15:53:32 DBG] Provider official: GlobJsonFiles received 1 paths
[15:53:32 DBG] Provider official: Checking docs/json/sonarr/naming (Exists: True)
[15:53:32 DBG] Provider official: Found 1 files in docs/json/sonarr/naming
[15:53:32 DBG] Provider official: GlobJsonFiles received 1 paths
[15:53:32 DBG] Provider official: Checking docs/json/radarr/cf-groups (Exists: True)
[15:53:32 DBG] Provider official: Found 40 files in docs/json/radarr/cf-groups
[15:53:32 DBG] Provider official: GlobJsonFiles received 1 paths
[15:53:32 DBG] Provider official: Checking docs/json/sonarr/cf-groups (Exists: True)
[15:53:32 DBG] Provider official: Found 38 files in docs/json/sonarr/cf-groups
[15:53:32 DBG] Provider official: GlobJsonFiles received 1 paths
[15:53:32 DBG] Provider official: Checking docs/json/radarr/quality-profiles (Exists: True)
[15:53:32 DBG] Provider official: Found 36 files in docs/json/radarr/quality-profiles
[15:53:32 DBG] Provider official: GlobJsonFiles received 1 paths
[15:53:32 DBG] Provider official: Checking docs/json/sonarr/quality-profiles (Exists: True)
[15:53:32 DBG] Provider official: Found 23 files in docs/json/sonarr/quality-profiles
[15:53:32 INF] Initializing provider: official (type: config-templates)
[15:53:32 DBG] Using URL: https://github.com/recyclarr/config-templates.git, Refs: ["v8","master","main"]
[15:53:32 DBG] Initializing new repository at /config/resources/config-templates/git/official
[15:53:32 DBG] Executing git command with args: ["init"]
[15:53:32 DBG] Command Output: Initialized empty Git repository in /config/resources/config-templates/git/official/.git/
[15:53:32 DBG] Attempting to fetch reference: v8
[15:53:32 DBG] Executing git command with args: ["fetch","--depth","1","https://github.com/recyclarr/config-templates.git","v8"]
[15:53:33 DBG] Command Output: 
[15:53:33 DBG] Successfully fetched reference: v8
[15:53:33 DBG] Executing git command with args: ["reset","--hard","FETCH_HEAD"]
[15:53:33 DBG] Command Output: HEAD is now at bb642fe chore: remove repo-local mise.toml
[15:53:33 DBG] ConfigTemplates: Querying Sonarr config templates
[15:53:33 DBG] ConfigTemplates: Found 18 Sonarr templates in registry
[15:53:33 DBG] ConfigTemplates: Retrieved 18 unique Sonarr templates
[15:53:33 DBG] ConfigTemplates: Querying Radarr config templates
[15:53:33 DBG] ConfigTemplates: Found 35 Radarr templates in registry
[15:53:33 DBG] ConfigTemplates: Retrieved 35 unique Radarr templates
[15:53:33 INF] Found 18 Sonarr and 35 Radarr templates
[15:53:33 DBG] Sonarr templates: ["french-multi-vf-bluray-web-1080p","french-multi-vf-bluray-web-2160p","french-multi-vo-bluray-web-1080p","french-multi-vo-bluray-web-2160p","french-vostfr-bluray-web-1080p","french-vostfr-bluray-web-2160p","sonarr-anime-remux-1080p","sonarr-german-anime-hd-bluray-web","sonarr-german-hd-bluray-web","sonarr-german-hd-remux-web","sonarr-german-uhd-bluray-web","sonarr-german-uhd-bluray-web-alternative","sonarr-german-uhd-remux-web","web-1080p","web-1080p-alternative","web-2160p","web-2160p-alternative","web-2160p-combined"]
[15:53:33 DBG] Radarr templates: ["french-multi-vf-hd-bluray-web","french-multi-vf-hd-remux-web","french-multi-vf-uhd-bluray-web","french-multi-vf-uhd-remux-web","french-multi-vo-hd-bluray-web","french-multi-vo-hd-remux-web","french-multi-vo-uhd-bluray-web","french-multi-vo-uhd-remux-web","french-vostfr-hd-bluray-web","french-vostfr-hd-remux-web","french-vostfr-uhd-bluray-web","french-vostfr-uhd-remux-web","hd-bluray-web","radarr-anime-remux-1080p","radarr-german-anime-hd-bluray-web","radarr-german-hd-bluray-web","radarr-german-hd-remux-web","radarr-german-uhd-bluray-web","radarr-german-uhd-bluray-web-alternative","radarr-german-uhd-remux-web","remux-2160p-alternative","remux-2160p-combined","remux-web-1080p","remux-web-2160p","sqp-1-1080p","sqp-1-2160p","sqp-1-web-1080p","sqp-1-web-2160p","sqp-2","sqp-3","sqp-3-audio","sqp-4","sqp-4-ma-hybrid","sqp-5","uhd-bluray-web"]
[15:53:33 DBG] Cleaning up logs using max files of 20
