[16:54:17 DBG] Recyclarr Version: 8.3.2+Branch.master.Sha.fc0c22a607bee044f242f84adf25ca1c284126a5
[16:54:17 DBG] App Data Dir: /config
[16:54:17 INF] Initializing provider: official (type: trash-guides)
[16:54:17 DBG] Using URL: https://github.com/TRaSH-Guides/Guides.git, Refs: ["master","main"]
[16:54:17 DBG] Executing git command with args: ["status"]
[16:54:18 DBG] Command Output: On branch master
nothing to commit, working tree clean
[16:54:18 DBG] Attempting to fetch reference: master
[16:54:18 DBG] Executing git command with args: ["fetch","--depth","1","https://github.com/TRaSH-Guides/Guides.git","master"]
[16:54:18 DBG] Command Output: 
[16:54:18 DBG] Successfully fetched reference: master
[16:54:18 DBG] Executing git command with args: ["reset","--hard","FETCH_HEAD"]
[16:54:18 DBG] Command Output: HEAD is now at 6555b2a fix(radarr): Validate Remux source and modifier semantics in CI (#2829)
[16:54:18 DBG] MapResourcePaths called for provider official at /config/resources/trash-guides/git/official
[16:54:18 DBG] Provider official: GlobJsonFiles received 1 paths
[16:54:18 DBG] Provider official: Checking docs/json/radarr/cf (Exists: True)
[16:54:18 DBG] Provider official: Found 240 files in docs/json/radarr/cf
[16:54:18 DBG] Provider official: GlobJsonFiles received 1 paths
[16:54:18 DBG] Provider official: Checking docs/json/radarr/quality-size (Exists: True)
[16:54:18 DBG] Provider official: Found 4 files in docs/json/radarr/quality-size
[16:54:18 DBG] Provider official: GlobJsonFiles received 1 paths
[16:54:18 DBG] Provider official: Checking docs/json/radarr/naming (Exists: True)
[16:54:18 DBG] Provider official: Found 1 files in docs/json/radarr/naming
[16:54:18 DBG] Provider official: GlobJsonFiles received 1 paths
[16:54:18 DBG] Provider official: Checking docs/json/sonarr/cf (Exists: True)
[16:54:18 DBG] Provider official: Found 235 files in docs/json/sonarr/cf
[16:54:18 DBG] Provider official: GlobJsonFiles received 1 paths
[16:54:18 DBG] Provider official: Checking docs/json/sonarr/quality-size (Exists: True)
[16:54:18 DBG] Provider official: Found 2 files in docs/json/sonarr/quality-size
[16:54:18 DBG] Provider official: GlobJsonFiles received 1 paths
[16:54:18 DBG] Provider official: Checking docs/json/sonarr/naming (Exists: True)
[16:54:18 DBG] Provider official: Found 1 files in docs/json/sonarr/naming
[16:54:18 DBG] Provider official: GlobJsonFiles received 1 paths
[16:54:18 DBG] Provider official: Checking docs/json/radarr/cf-groups (Exists: True)
[16:54:18 DBG] Provider official: Found 40 files in docs/json/radarr/cf-groups
[16:54:18 DBG] Provider official: GlobJsonFiles received 1 paths
[16:54:18 DBG] Provider official: Checking docs/json/sonarr/cf-groups (Exists: True)
[16:54:18 DBG] Provider official: Found 38 files in docs/json/sonarr/cf-groups
[16:54:18 DBG] Provider official: GlobJsonFiles received 1 paths
[16:54:18 DBG] Provider official: Checking docs/json/radarr/quality-profiles (Exists: True)
[16:54:18 DBG] Provider official: Found 36 files in docs/json/radarr/quality-profiles
[16:54:18 DBG] Provider official: GlobJsonFiles received 1 paths
[16:54:18 DBG] Provider official: Checking docs/json/sonarr/quality-profiles (Exists: True)
[16:54:18 DBG] Provider official: Found 23 files in docs/json/sonarr/quality-profiles
[16:54:18 INF] Initializing provider: official (type: config-templates)
[16:54:18 DBG] Using URL: https://github.com/recyclarr/config-templates.git, Refs: ["v8","master","main"]
[16:54:18 DBG] Executing git command with args: ["status"]
[16:54:18 DBG] Command Output: On branch master
nothing to commit, working tree clean
[16:54:18 DBG] Attempting to fetch reference: v8
[16:54:18 DBG] Executing git command with args: ["fetch","--depth","1","https://github.com/recyclarr/config-templates.git","v8"]
[16:54:19 DBG] Command Output: 
[16:54:19 DBG] Successfully fetched reference: v8
[16:54:19 DBG] Executing git command with args: ["reset","--hard","FETCH_HEAD"]
[16:54:19 DBG] Command Output: HEAD is now at bb642fe chore: remove repo-local mise.toml
[16:54:19 DBG] Loading config file: /config/configs/uhd-bluray-web.yml
[16:54:19 DBG] Loading config file: /config/configs/web-1080p.yml
[16:54:19 DBG] CfGroup: Querying Radarr CF groups
[16:54:19 DBG] CfGroup: Found 40 CF group files in registry
[16:54:19 DBG] CfGroup: Retrieved 40 Radarr CF groups
[16:54:19 DBG] QualityProfile: Querying Radarr quality profiles
[16:54:19 DBG] QualityProfile: Found 36 quality profile files in registry
[16:54:19 DBG] QualityProfile: Retrieved 36 Radarr quality profiles
[16:54:19 INF] uhd-bluray-web: Processing Radarr server uhd-bluray-web
[16:54:19 DBG] uhd-bluray-web: HTTP Request: GET http://REDACTED:7878/api/v3/system/status
[16:54:19 DBG] uhd-bluray-web: HTTP Response: 200 GET http://REDACTED:7878/api/v3/system/status
[16:54:19 DBG] uhd-bluray-web: Radarr Version: 6.3.0.10514
[16:54:19 DBG] uhd-bluray-web: Running plan component: CustomFormatPlanComponent
[16:54:19 WRN] uhd-bluray-web: CF group 'ff204bbcecdd487d1cefcefdbf0c278d': Selecting default CF '839bea857ed2c0a8e084f3cbdbd65ecb' is redundant (default CFs are already included)
[16:54:19 WRN] uhd-bluray-web: CF group 'a3ac6af01d78e4f21fcb75f601ac96df': Selecting default CF 'b8cd450cbfa689c0259a01d9e29ba3d6' is redundant (default CFs are already included)
[16:54:19 WRN] uhd-bluray-web: CF group 'a3ac6af01d78e4f21fcb75f601ac96df': Selecting default CF 'cae4ca30163749b891686f95532519bd' is redundant (default CFs are already included)
[16:54:19 WRN] uhd-bluray-web: CF group 'a3ac6af01d78e4f21fcb75f601ac96df': Selecting default CF 'b6832f586342ef70d9c128d40c07b872' is redundant (default CFs are already included)
[16:54:19 WRN] uhd-bluray-web: CF group 'a3ac6af01d78e4f21fcb75f601ac96df': Selecting default CF 'cc444569854e9de0b084ab2b8b1532b2' is redundant (default CFs are already included)
[16:54:19 WRN] uhd-bluray-web: CF group 'a3ac6af01d78e4f21fcb75f601ac96df': Selecting default CF 'ed38b889b31be83fda192888e2286d83' is redundant (default CFs are already included)
[16:54:19 WRN] uhd-bluray-web: CF group 'a3ac6af01d78e4f21fcb75f601ac96df': Selecting default CF '0a3f082873eb454bde444150b70253cc' is redundant (default CFs are already included)
[16:54:19 WRN] uhd-bluray-web: CF group 'a3ac6af01d78e4f21fcb75f601ac96df': Selecting default CF 'e6886871085226c3da1830830146846c' is redundant (default CFs are already included)
[16:54:19 WRN] uhd-bluray-web: CF group 'a3ac6af01d78e4f21fcb75f601ac96df': Selecting default CF '90a6f9a284dff5103f6346090e6280c8' is redundant (default CFs are already included)
[16:54:19 WRN] uhd-bluray-web: CF group 'a3ac6af01d78e4f21fcb75f601ac96df': Selecting default CF 'e204b80c87be9497a8a6eaff48f72905' is redundant (default CFs are already included)
[16:54:19 WRN] uhd-bluray-web: CF group 'a3ac6af01d78e4f21fcb75f601ac96df': Selecting default CF '712d74cd88bceb883ee32f773656b1f5' is redundant (default CFs are already included)
[16:54:19 WRN] uhd-bluray-web: CF group 'a3ac6af01d78e4f21fcb75f601ac96df': Selecting default CF 'bfd8eb01832d646a0a89c4deb46f8564' is redundant (default CFs are already included)
[16:54:19 DBG] uhd-bluray-web: CustomFormat: Querying Radarr custom formats
[16:54:19 DBG] uhd-bluray-web: CustomFormat: Found 240 CF files in registry
[16:54:19 DBG] uhd-bluray-web: CustomFormat: Retrieved 240 Radarr custom formats
[16:54:19 DBG] uhd-bluray-web: QualityProfile: Querying Radarr quality profiles
[16:54:19 DBG] uhd-bluray-web: QualityProfile: Found 36 quality profile files in registry
[16:54:19 DBG] uhd-bluray-web: QualityProfile: Retrieved 36 Radarr quality profiles
[16:54:19 DBG] uhd-bluray-web: CfGroup: Querying Radarr CF groups
[16:54:19 DBG] uhd-bluray-web: CfGroup: Found 40 CF group files in registry
[16:54:19 DBG] uhd-bluray-web: CfGroup: Retrieved 40 Radarr CF groups
[16:54:19 DBG] uhd-bluray-web: Auto-syncing default CF group [HDR Formats] HDR for profiles: UHD Bluray + WEB
[16:54:19 DBG] uhd-bluray-web: Auto-syncing default CF group [Streaming Services] General for profiles: UHD Bluray + WEB
[16:54:19 DBG] uhd-bluray-web: Auto-syncing default CF group [Audio] Audio Formats for profiles: UHD Bluray + WEB
[16:54:19 DBG] uhd-bluray-web: Running plan component: QualityProfilePlanComponent
[16:54:19 DBG] uhd-bluray-web: Planning quality profiles for Radarr uhd-bluray-web: 1 profiles
[16:54:19 DBG] uhd-bluray-web:   Profile : TrashId=64fb5f9858489bdac2af690e27c8f42f, MinUpgradeFormatScore=null
[16:54:19 DBG] uhd-bluray-web: QualityProfile: Querying Radarr quality profiles
[16:54:19 DBG] uhd-bluray-web: QualityProfile: Found 36 quality profile files in registry
[16:54:19 DBG] uhd-bluray-web: QualityProfile: Retrieved 36 Radarr quality profiles
[16:54:19 DBG] uhd-bluray-web: Running plan component: QualitySizePlanComponent
[16:54:19 DBG] uhd-bluray-web: QualitySize: Querying Radarr quality sizes
[16:54:19 DBG] uhd-bluray-web: QualitySize: Found 4 quality size files in registry
[16:54:19 DBG] uhd-bluray-web: QualitySize: Retrieved 4 Radarr quality size definitions
[16:54:19 DBG] uhd-bluray-web: Running plan component: MediaNamingPlanComponent
[16:54:19 DBG] uhd-bluray-web: MediaNaming: Querying Radarr naming conventions
[16:54:19 DBG] uhd-bluray-web: MediaNaming: Found 1 naming files in registry
[16:54:19 DBG] uhd-bluray-web: MediaNaming: Retrieved 17 file formats, 7 folder formats
[16:54:19 DBG] uhd-bluray-web: Running plan component: MediaManagementPlanComponent
[16:54:19 DBG] uhd-bluray-web: Pipeline execution order: CustomFormat -> QualitySize -> MediaNaming -> MediaManagement -> QualityProfile
[16:54:19 DBG] uhd-bluray-web: Executing Pipeline: Custom Format
[16:54:19 DBG] uhd-bluray-web: Loading Custom Format State from path: /config/state/radarr/7de96ad84fa57af3/custom-format-mappings.json
[16:54:19 DBG] uhd-bluray-web: State path does not exist
[16:54:19 DBG] uhd-bluray-web: HTTP Request: GET http://REDACTED:7878/api/v3/customformat
[16:54:19 DBG] uhd-bluray-web: HTTP Response: 200 GET http://REDACTED:7878/api/v3/customformat
[16:54:19 DBG] uhd-bluray-web: Process transaction for guide CF 4d74ac4c4db0b64bff6ce0cffef99bf0 (UHD Bluray Tier 01)
[16:54:19 DBG] uhd-bluray-web: Process transaction for guide CF a58f517a70193f8e578056642178419d (UHD Bluray Tier 02)
[16:54:19 DBG] uhd-bluray-web: Process transaction for guide CF e71939fae578037e7aed3ee219bbe7c1 (UHD Bluray Tier 03)
[16:54:19 DBG] uhd-bluray-web: Process transaction for guide CF c20f169ef63c5f40c2def54abaf4438e (WEB Tier 01)
[16:54:19 DBG] uhd-bluray-web: Process transaction for guide CF 403816d65392c79236dcb6dd591aeda4 (WEB Tier 02)
[16:54:19 DBG] uhd-bluray-web: Process transaction for guide CF af94e0fe497124d1f9ce732069ec8c3b (WEB Tier 03)
[16:54:19 DBG] uhd-bluray-web: Process transaction for guide CF e7718d7a3ce595f289bfee26adc178f5 (Repack/Proper)
[16:54:19 DBG] uhd-bluray-web: Process transaction for guide CF ae43b294509409a6a13919dedd4764c4 (Repack2)
[16:54:19 DBG] uhd-bluray-web: Process transaction for guide CF 5caaaa1c08c1742aa4342d8c4cc463f2 (Repack3)
[16:54:19 DBG] uhd-bluray-web: Process transaction for guide CF 493b6d1dbec3c3364c59d7607f7e3405 (HDR)
[16:54:19 DBG] uhd-bluray-web: Process transaction for guide CF b3b3a6ac74ecbd56bcdbefa4799fb9df (AMZN)
[16:54:19 DBG] uhd-bluray-web: Process transaction for guide CF df13ed57843877b21ad969184ab6888f (ATV)
[16:54:19 DBG] uhd-bluray-web: Process transaction for guide CF 40e9380490e748672c2522eaaeb692f7 (ATVP)
[16:54:19 DBG] uhd-bluray-web: Process transaction for guide CF cc5e51a9e85a6296ceefe097a77f12f4 (BCORE)
[16:54:19 DBG] uhd-bluray-web: Process transaction for guide CF 16622a6911d1ab5d5b8b713d5b0036d4 (CRiT)
[16:54:19 DBG] uhd-bluray-web: Process transaction for guide CF 84272245b2988854bfb76a16e60baea5 (DSNP)
[16:54:19 DBG] uhd-bluray-web: Process transaction for guide CF 509e5f41146e278f9eab1ddaceb34515 (HBO)
[16:54:19 DBG] uhd-bluray-web: Process transaction for guide CF 5763d1b0ce84aff3b21038eea8e9b8ad (HMAX)
[16:54:19 DBG] uhd-bluray-web: Process transaction for guide CF 526d445d4c16214309f0fd2b3be18a89 (Hulu)
[16:54:19 DBG] uhd-bluray-web: Process transaction for guide CF e0ec9672be6cac914ffad34a6b077209 (iT)
[16:54:19 DBG] uhd-bluray-web: Process transaction for guide CF 2a6039655313bf5dab1e43523b62c374 (MA)
[16:54:19 DBG] uhd-bluray-web: Process transaction for guide CF 6a061313d22e51e0f25b7cd4dc065233 (MAX)
[16:54:19 DBG] uhd-bluray-web: Process transaction for guide CF 170b1d363bd8516fbf3a3eb05d4faff6 (NF)
[16:54:19 DBG] uhd-bluray-web: Process transaction for guide CF c9fd353f8f5f1baf56dc601c4cb29920 (PCOK)
[16:54:19 DBG] uhd-bluray-web: Process transaction for guide CF e36a0ba1bc902b26ee40818a1d59b8bd (PMTP)
[16:54:19 DBG] uhd-bluray-web: Process transaction for guide CF 350e9170619683a55cb9191d0b1ababa (PLAY)
[16:54:19 DBG] uhd-bluray-web: Process transaction for guide CF 44c2b54d7c81c1a442a8b2cabeaef54f (ROKU)
[16:54:19 DBG] uhd-bluray-web: Process transaction for guide CF c2863d2a50c9acad1fb50e53ece60817 (STAN)
[16:54:19 DBG] uhd-bluray-web: Process transaction for guide CF 496f355514737f7d83bf7aa4d24f8169 (TrueHD ATMOS)
[16:54:19 DBG] uhd-bluray-web: Process transaction for guide CF 2f22d89048b01681dde8afe203bf2e95 (DTS X)
[16:54:19 DBG] uhd-bluray-web: Process transaction for guide CF 417804f7f2c4308c1f4c5d380d4c4475 (ATMOS (undefined))
[16:54:19 DBG] uhd-bluray-web: Process transaction for guide CF 1af239278386be2919e1bcee0bde047e (DD+ ATMOS)
[16:54:19 DBG] uhd-bluray-web: Process transaction for guide CF 3cafb66171b47f226146a0770576870f (TrueHD)
[16:54:19 DBG] uhd-bluray-web: Process transaction for guide CF dcf3ec6938fa32445f590a4da84256cd (DTS-HD MA)
[16:54:19 DBG] uhd-bluray-web: Process transaction for guide CF a570d4a0e56a2874b64e5bfa55202a1b (FLAC)
[16:54:19 DBG] uhd-bluray-web: Process transaction for guide CF e7c2fcae07cbada050a0af3357491d7b (PCM)
[16:54:19 DBG] uhd-bluray-web: Process transaction for guide CF 8e109e50e0a0b83a5098b056e13bf6db (DTS-HD HRA)
[16:54:19 DBG] uhd-bluray-web: Process transaction for guide CF 185f1dd7264c4562b9022d963ac37424 (DD+)
[16:54:19 DBG] uhd-bluray-web: Process transaction for guide CF f9f847ac70a0af62ea4a08280b859636 (DTS-ES)
[16:54:19 DBG] uhd-bluray-web: Process transaction for guide CF 1c1a4c5e823891c75bc50380a6866f73 (DTS)
[16:54:19 DBG] uhd-bluray-web: Process transaction for guide CF 240770601cc226190c367ef59aba7463 (AAC)
[16:54:19 DBG] uhd-bluray-web: Process transaction for guide CF c2998bd0d90ed5621d8df281e839436e (DD)
[16:54:19 DBG] uhd-bluray-web: Process transaction for guide CF 839bea857ed2c0a8e084f3cbdbd65ecb (x265 (no HDR/DV))
[16:54:19 DBG] uhd-bluray-web: Process transaction for guide CF b8cd450cbfa689c0259a01d9e29ba3d6 (3D)
[16:54:19 DBG] uhd-bluray-web: Process transaction for guide CF cae4ca30163749b891686f95532519bd (AV1)
[16:54:19 DBG] uhd-bluray-web: Process transaction for guide CF b6832f586342ef70d9c128d40c07b872 (Bad Dual Groups)
[16:54:19 DBG] uhd-bluray-web: Process transaction for guide CF cc444569854e9de0b084ab2b8b1532b2 (Black and White Editions)
[16:54:19 DBG] uhd-bluray-web: Process transaction for guide CF ed38b889b31be83fda192888e2286d83 (BR-DISK)
[16:54:19 DBG] uhd-bluray-web: Process transaction for guide CF 0a3f082873eb454bde444150b70253cc (Extras)
[16:54:19 DBG] uhd-bluray-web: Process transaction for guide CF e6886871085226c3da1830830146846c (Generated Dynamic HDR)
[16:54:19 DBG] uhd-bluray-web: Process transaction for guide CF c465ccc73923871b3eb1802042331306 (Line/Mic Dubbed)
[16:54:19 DBG] uhd-bluray-web: Process transaction for guide CF 90a6f9a284dff5103f6346090e6280c8 (LQ)
[16:54:19 DBG] uhd-bluray-web: Process transaction for guide CF e204b80c87be9497a8a6eaff48f72905 (LQ (Release Title))
[16:54:19 DBG] uhd-bluray-web: Process transaction for guide CF 712d74cd88bceb883ee32f773656b1f5 (Sing-Along Versions)
[16:54:19 DBG] uhd-bluray-web: Process transaction for guide CF bfd8eb01832d646a0a89c4deb46f8564 (Upscaled)
[16:54:19 INF] uhd-bluray-web: Created 55 New Custom Formats
[16:54:19 DBG] uhd-bluray-web: > Created: 4d74ac4c4db0b64bff6ce0cffef99bf0 (UHD Bluray Tier 01)
[16:54:19 DBG] uhd-bluray-web: > Created: a58f517a70193f8e578056642178419d (UHD Bluray Tier 02)
[16:54:19 DBG] uhd-bluray-web: > Created: e71939fae578037e7aed3ee219bbe7c1 (UHD Bluray Tier 03)
[16:54:19 DBG] uhd-bluray-web: > Created: c20f169ef63c5f40c2def54abaf4438e (WEB Tier 01)
[16:54:19 DBG] uhd-bluray-web: > Created: 403816d65392c79236dcb6dd591aeda4 (WEB Tier 02)
[16:54:19 DBG] uhd-bluray-web: > Created: af94e0fe497124d1f9ce732069ec8c3b (WEB Tier 03)
[16:54:19 DBG] uhd-bluray-web: > Created: e7718d7a3ce595f289bfee26adc178f5 (Repack/Proper)
[16:54:19 DBG] uhd-bluray-web: > Created: ae43b294509409a6a13919dedd4764c4 (Repack2)
[16:54:19 DBG] uhd-bluray-web: > Created: 5caaaa1c08c1742aa4342d8c4cc463f2 (Repack3)
[16:54:19 DBG] uhd-bluray-web: > Created: 493b6d1dbec3c3364c59d7607f7e3405 (HDR)
[16:54:19 DBG] uhd-bluray-web: > Created: b3b3a6ac74ecbd56bcdbefa4799fb9df (AMZN)
[16:54:19 DBG] uhd-bluray-web: > Created: df13ed57843877b21ad969184ab6888f (ATV)
[16:54:19 DBG] uhd-bluray-web: > Created: 40e9380490e748672c2522eaaeb692f7 (ATVP)
[16:54:19 DBG] uhd-bluray-web: > Created: cc5e51a9e85a6296ceefe097a77f12f4 (BCORE)
[16:54:19 DBG] uhd-bluray-web: > Created: 16622a6911d1ab5d5b8b713d5b0036d4 (CRiT)
[16:54:19 DBG] uhd-bluray-web: > Created: 84272245b2988854bfb76a16e60baea5 (DSNP)
[16:54:19 DBG] uhd-bluray-web: > Created: 509e5f41146e278f9eab1ddaceb34515 (HBO)
[16:54:19 DBG] uhd-bluray-web: > Created: 5763d1b0ce84aff3b21038eea8e9b8ad (HMAX)
[16:54:19 DBG] uhd-bluray-web: > Created: 526d445d4c16214309f0fd2b3be18a89 (Hulu)
[16:54:19 DBG] uhd-bluray-web: > Created: e0ec9672be6cac914ffad34a6b077209 (iT)
[16:54:19 DBG] uhd-bluray-web: > Created: 2a6039655313bf5dab1e43523b62c374 (MA)
[16:54:19 DBG] uhd-bluray-web: > Created: 6a061313d22e51e0f25b7cd4dc065233 (MAX)
[16:54:19 DBG] uhd-bluray-web: > Created: 170b1d363bd8516fbf3a3eb05d4faff6 (NF)
[16:54:19 DBG] uhd-bluray-web: > Created: c9fd353f8f5f1baf56dc601c4cb29920 (PCOK)
[16:54:19 DBG] uhd-bluray-web: > Created: e36a0ba1bc902b26ee40818a1d59b8bd (PMTP)
[16:54:19 DBG] uhd-bluray-web: > Created: 350e9170619683a55cb9191d0b1ababa (PLAY)
[16:54:19 DBG] uhd-bluray-web: > Created: 44c2b54d7c81c1a442a8b2cabeaef54f (ROKU)
[16:54:19 DBG] uhd-bluray-web: > Created: c2863d2a50c9acad1fb50e53ece60817 (STAN)
[16:54:19 DBG] uhd-bluray-web: > Created: 496f355514737f7d83bf7aa4d24f8169 (TrueHD ATMOS)
[16:54:19 DBG] uhd-bluray-web: > Created: 2f22d89048b01681dde8afe203bf2e95 (DTS X)
[16:54:19 DBG] uhd-bluray-web: > Created: 417804f7f2c4308c1f4c5d380d4c4475 (ATMOS (undefined))
[16:54:19 DBG] uhd-bluray-web: > Created: 1af239278386be2919e1bcee0bde047e (DD+ ATMOS)
[16:54:19 DBG] uhd-bluray-web: > Created: 3cafb66171b47f226146a0770576870f (TrueHD)
[16:54:19 DBG] uhd-bluray-web: > Created: dcf3ec6938fa32445f590a4da84256cd (DTS-HD MA)
[16:54:19 DBG] uhd-bluray-web: > Created: a570d4a0e56a2874b64e5bfa55202a1b (FLAC)
[16:54:19 DBG] uhd-bluray-web: > Created: e7c2fcae07cbada050a0af3357491d7b (PCM)
[16:54:19 DBG] uhd-bluray-web: > Created: 8e109e50e0a0b83a5098b056e13bf6db (DTS-HD HRA)
[16:54:19 DBG] uhd-bluray-web: > Created: 185f1dd7264c4562b9022d963ac37424 (DD+)
[16:54:19 DBG] uhd-bluray-web: > Created: f9f847ac70a0af62ea4a08280b859636 (DTS-ES)
[16:54:19 DBG] uhd-bluray-web: > Created: 1c1a4c5e823891c75bc50380a6866f73 (DTS)
[16:54:19 DBG] uhd-bluray-web: > Created: 240770601cc226190c367ef59aba7463 (AAC)
[16:54:19 DBG] uhd-bluray-web: > Created: c2998bd0d90ed5621d8df281e839436e (DD)
[16:54:19 DBG] uhd-bluray-web: > Created: 839bea857ed2c0a8e084f3cbdbd65ecb (x265 (no HDR/DV))
[16:54:19 DBG] uhd-bluray-web: > Created: b8cd450cbfa689c0259a01d9e29ba3d6 (3D)
[16:54:19 DBG] uhd-bluray-web: > Created: cae4ca30163749b891686f95532519bd (AV1)
[16:54:19 DBG] uhd-bluray-web: > Created: b6832f586342ef70d9c128d40c07b872 (Bad Dual Groups)
[16:54:19 DBG] uhd-bluray-web: > Created: cc444569854e9de0b084ab2b8b1532b2 (Black and White Editions)
[16:54:19 DBG] uhd-bluray-web: > Created: ed38b889b31be83fda192888e2286d83 (BR-DISK)
[16:54:19 DBG] uhd-bluray-web: > Created: 0a3f082873eb454bde444150b70253cc (Extras)
[16:54:19 DBG] uhd-bluray-web: > Created: e6886871085226c3da1830830146846c (Generated Dynamic HDR)
[16:54:19 DBG] uhd-bluray-web: > Created: c465ccc73923871b3eb1802042331306 (Line/Mic Dubbed)
[16:54:19 DBG] uhd-bluray-web: > Created: 90a6f9a284dff5103f6346090e6280c8 (LQ)
[16:54:19 DBG] uhd-bluray-web: > Created: e204b80c87be9497a8a6eaff48f72905 (LQ (Release Title))
[16:54:19 DBG] uhd-bluray-web: > Created: 712d74cd88bceb883ee32f773656b1f5 (Sing-Along Versions)
[16:54:19 DBG] uhd-bluray-web: > Created: bfd8eb01832d646a0a89c4deb46f8564 (Upscaled)
[16:54:19 INF] uhd-bluray-web: Total of 55 custom formats were synced
[16:54:19 DBG] uhd-bluray-web: HTTP Request: POST http://REDACTED:7878/api/v3/customformat
[16:54:19 DBG] uhd-bluray-web: HTTP Response: 201 POST http://REDACTED:7878/api/v3/customformat
[16:54:19 DBG] uhd-bluray-web: HTTP Request: POST http://REDACTED:7878/api/v3/customformat
[16:54:19 DBG] uhd-bluray-web: HTTP Response: 201 POST http://REDACTED:7878/api/v3/customformat
[16:54:19 DBG] uhd-bluray-web: HTTP Request: POST http://REDACTED:7878/api/v3/customformat
[16:54:19 DBG] uhd-bluray-web: HTTP Response: 201 POST http://REDACTED:7878/api/v3/customformat
[16:54:19 DBG] uhd-bluray-web: HTTP Request: POST http://REDACTED:7878/api/v3/customformat
[16:54:20 DBG] uhd-bluray-web: HTTP Response: 201 POST http://REDACTED:7878/api/v3/customformat
[16:54:20 DBG] uhd-bluray-web: HTTP Request: POST http://REDACTED:7878/api/v3/customformat
[16:54:20 DBG] uhd-bluray-web: HTTP Response: 201 POST http://REDACTED:7878/api/v3/customformat
[16:54:20 DBG] uhd-bluray-web: HTTP Request: POST http://REDACTED:7878/api/v3/customformat
[16:54:20 DBG] uhd-bluray-web: HTTP Response: 201 POST http://REDACTED:7878/api/v3/customformat
[16:54:20 DBG] uhd-bluray-web: HTTP Request: POST http://REDACTED:7878/api/v3/customformat
[16:54:20 DBG] uhd-bluray-web: HTTP Response: 201 POST http://REDACTED:7878/api/v3/customformat
[16:54:20 DBG] uhd-bluray-web: HTTP Request: POST http://REDACTED:7878/api/v3/customformat
[16:54:20 DBG] uhd-bluray-web: HTTP Response: 201 POST http://REDACTED:7878/api/v3/customformat
[16:54:20 DBG] uhd-bluray-web: HTTP Request: POST http://REDACTED:7878/api/v3/customformat
[16:54:20 DBG] uhd-bluray-web: HTTP Response: 201 POST http://REDACTED:7878/api/v3/customformat
[16:54:20 DBG] uhd-bluray-web: HTTP Request: POST http://REDACTED:7878/api/v3/customformat
[16:54:20 DBG] uhd-bluray-web: HTTP Response: 201 POST http://REDACTED:7878/api/v3/customformat
[16:54:20 DBG] uhd-bluray-web: HTTP Request: POST http://REDACTED:7878/api/v3/customformat
[16:54:20 DBG] uhd-bluray-web: HTTP Response: 201 POST http://REDACTED:7878/api/v3/customformat
[16:54:20 DBG] uhd-bluray-web: HTTP Request: POST http://REDACTED:7878/api/v3/customformat
[16:54:20 DBG] uhd-bluray-web: HTTP Response: 201 POST http://REDACTED:7878/api/v3/customformat
[16:54:20 DBG] uhd-bluray-web: HTTP Request: POST http://REDACTED:7878/api/v3/customformat
[16:54:20 DBG] uhd-bluray-web: HTTP Response: 201 POST http://REDACTED:7878/api/v3/customformat
[16:54:20 DBG] uhd-bluray-web: HTTP Request: POST http://REDACTED:7878/api/v3/customformat
[16:54:20 DBG] uhd-bluray-web: HTTP Response: 201 POST http://REDACTED:7878/api/v3/customformat
[16:54:20 DBG] uhd-bluray-web: HTTP Request: POST http://REDACTED:7878/api/v3/customformat
[16:54:20 DBG] uhd-bluray-web: HTTP Response: 201 POST http://REDACTED:7878/api/v3/customformat
[16:54:20 DBG] uhd-bluray-web: HTTP Request: POST http://REDACTED:7878/api/v3/customformat
[16:54:20 DBG] uhd-bluray-web: HTTP Response: 201 POST http://REDACTED:7878/api/v3/customformat
[16:54:20 DBG] uhd-bluray-web: HTTP Request: POST http://REDACTED:7878/api/v3/customformat
[16:54:20 DBG] uhd-bluray-web: HTTP Response: 201 POST http://REDACTED:7878/api/v3/customformat
[16:54:20 DBG] uhd-bluray-web: HTTP Request: POST http://REDACTED:7878/api/v3/customformat
[16:54:20 DBG] uhd-bluray-web: HTTP Response: 201 POST http://REDACTED:7878/api/v3/customformat
[16:54:20 DBG] uhd-bluray-web: HTTP Request: POST http://REDACTED:7878/api/v3/customformat
[16:54:20 DBG] uhd-bluray-web: HTTP Response: 201 POST http://REDACTED:7878/api/v3/customformat
[16:54:20 DBG] uhd-bluray-web: HTTP Request: POST http://REDACTED:7878/api/v3/customformat
[16:54:20 DBG] uhd-bluray-web: HTTP Response: 201 POST http://REDACTED:7878/api/v3/customformat
[16:54:20 DBG] uhd-bluray-web: HTTP Request: POST http://REDACTED:7878/api/v3/customformat
[16:54:20 DBG] uhd-bluray-web: HTTP Response: 201 POST http://REDACTED:7878/api/v3/customformat
[16:54:20 DBG] uhd-bluray-web: HTTP Request: POST http://REDACTED:7878/api/v3/customformat
[16:54:20 DBG] uhd-bluray-web: HTTP Response: 201 POST http://REDACTED:7878/api/v3/customformat
[16:54:20 DBG] uhd-bluray-web: HTTP Request: POST http://REDACTED:7878/api/v3/customformat
[16:54:20 DBG] uhd-bluray-web: HTTP Response: 201 POST http://REDACTED:7878/api/v3/customformat
[16:54:20 DBG] uhd-bluray-web: HTTP Request: POST http://REDACTED:7878/api/v3/customformat
[16:54:20 DBG] uhd-bluray-web: HTTP Response: 201 POST http://REDACTED:7878/api/v3/customformat
[16:54:20 DBG] uhd-bluray-web: HTTP Request: POST http://REDACTED:7878/api/v3/customformat
[16:54:20 DBG] uhd-bluray-web: HTTP Response: 201 POST http://REDACTED:7878/api/v3/customformat
[16:54:20 DBG] uhd-bluray-web: HTTP Request: POST http://REDACTED:7878/api/v3/customformat
[16:54:20 DBG] uhd-bluray-web: HTTP Response: 201 POST http://REDACTED:7878/api/v3/customformat
[16:54:20 DBG] uhd-bluray-web: HTTP Request: POST http://REDACTED:7878/api/v3/customformat
[16:54:20 DBG] uhd-bluray-web: HTTP Response: 201 POST http://REDACTED:7878/api/v3/customformat
[16:54:20 DBG] uhd-bluray-web: HTTP Request: POST http://REDACTED:7878/api/v3/customformat
[16:54:20 DBG] uhd-bluray-web: HTTP Response: 201 POST http://REDACTED:7878/api/v3/customformat
[16:54:20 DBG] uhd-bluray-web: HTTP Request: POST http://REDACTED:7878/api/v3/customformat
[16:54:20 DBG] uhd-bluray-web: HTTP Response: 201 POST http://REDACTED:7878/api/v3/customformat
[16:54:20 DBG] uhd-bluray-web: HTTP Request: POST http://REDACTED:7878/api/v3/customformat
[16:54:20 DBG] uhd-bluray-web: HTTP Response: 201 POST http://REDACTED:7878/api/v3/customformat
[16:54:20 DBG] uhd-bluray-web: HTTP Request: POST http://REDACTED:7878/api/v3/customformat
[16:54:20 DBG] uhd-bluray-web: HTTP Response: 201 POST http://REDACTED:7878/api/v3/customformat
[16:54:20 DBG] uhd-bluray-web: HTTP Request: POST http://REDACTED:7878/api/v3/customformat
[16:54:20 DBG] uhd-bluray-web: HTTP Response: 201 POST http://REDACTED:7878/api/v3/customformat
[16:54:20 DBG] uhd-bluray-web: HTTP Request: POST http://REDACTED:7878/api/v3/customformat
[16:54:20 DBG] uhd-bluray-web: HTTP Response: 201 POST http://REDACTED:7878/api/v3/customformat
[16:54:20 DBG] uhd-bluray-web: HTTP Request: POST http://REDACTED:7878/api/v3/customformat
[16:54:20 DBG] uhd-bluray-web: HTTP Response: 201 POST http://REDACTED:7878/api/v3/customformat
[16:54:20 DBG] uhd-bluray-web: HTTP Request: POST http://REDACTED:7878/api/v3/customformat
[16:54:20 DBG] uhd-bluray-web: HTTP Response: 201 POST http://REDACTED:7878/api/v3/customformat
[16:54:20 DBG] uhd-bluray-web: HTTP Request: POST http://REDACTED:7878/api/v3/customformat
[16:54:20 DBG] uhd-bluray-web: HTTP Response: 201 POST http://REDACTED:7878/api/v3/customformat
[16:54:20 DBG] uhd-bluray-web: HTTP Request: POST http://REDACTED:7878/api/v3/customformat
[16:54:20 DBG] uhd-bluray-web: HTTP Response: 201 POST http://REDACTED:7878/api/v3/customformat
[16:54:20 DBG] uhd-bluray-web: HTTP Request: POST http://REDACTED:7878/api/v3/customformat
[16:54:20 DBG] uhd-bluray-web: HTTP Response: 201 POST http://REDACTED:7878/api/v3/customformat
[16:54:20 DBG] uhd-bluray-web: HTTP Request: POST http://REDACTED:7878/api/v3/customformat
[16:54:20 DBG] uhd-bluray-web: HTTP Response: 201 POST http://REDACTED:7878/api/v3/customformat
[16:54:20 DBG] uhd-bluray-web: HTTP Request: POST http://REDACTED:7878/api/v3/customformat
[16:54:20 DBG] uhd-bluray-web: HTTP Response: 201 POST http://REDACTED:7878/api/v3/customformat
[16:54:20 DBG] uhd-bluray-web: HTTP Request: POST http://REDACTED:7878/api/v3/customformat
[16:54:20 DBG] uhd-bluray-web: HTTP Response: 201 POST http://REDACTED:7878/api/v3/customformat
[16:54:20 DBG] uhd-bluray-web: HTTP Request: POST http://REDACTED:7878/api/v3/customformat
[16:54:20 DBG] uhd-bluray-web: HTTP Response: 201 POST http://REDACTED:7878/api/v3/customformat
[16:54:20 DBG] uhd-bluray-web: HTTP Request: POST http://REDACTED:7878/api/v3/customformat
[16:54:20 DBG] uhd-bluray-web: HTTP Response: 201 POST http://REDACTED:7878/api/v3/customformat
[16:54:20 DBG] uhd-bluray-web: HTTP Request: POST http://REDACTED:7878/api/v3/customformat
[16:54:20 DBG] uhd-bluray-web: HTTP Response: 201 POST http://REDACTED:7878/api/v3/customformat
[16:54:20 DBG] uhd-bluray-web: HTTP Request: POST http://REDACTED:7878/api/v3/customformat
[16:54:20 DBG] uhd-bluray-web: HTTP Response: 201 POST http://REDACTED:7878/api/v3/customformat
[16:54:20 DBG] uhd-bluray-web: HTTP Request: POST http://REDACTED:7878/api/v3/customformat
[16:54:20 DBG] uhd-bluray-web: HTTP Response: 201 POST http://REDACTED:7878/api/v3/customformat
[16:54:20 DBG] uhd-bluray-web: HTTP Request: POST http://REDACTED:7878/api/v3/customformat
[16:54:20 DBG] uhd-bluray-web: HTTP Response: 201 POST http://REDACTED:7878/api/v3/customformat
[16:54:20 DBG] uhd-bluray-web: HTTP Request: POST http://REDACTED:7878/api/v3/customformat
[16:54:20 DBG] uhd-bluray-web: HTTP Response: 201 POST http://REDACTED:7878/api/v3/customformat
[16:54:20 DBG] uhd-bluray-web: HTTP Request: POST http://REDACTED:7878/api/v3/customformat
[16:54:20 DBG] uhd-bluray-web: HTTP Response: 201 POST http://REDACTED:7878/api/v3/customformat
[16:54:20 DBG] uhd-bluray-web: HTTP Request: POST http://REDACTED:7878/api/v3/customformat
[16:54:20 DBG] uhd-bluray-web: HTTP Response: 201 POST http://REDACTED:7878/api/v3/customformat
[16:54:20 DBG] uhd-bluray-web: HTTP Request: POST http://REDACTED:7878/api/v3/customformat
[16:54:20 DBG] uhd-bluray-web: HTTP Response: 201 POST http://REDACTED:7878/api/v3/customformat
[16:54:20 DBG] uhd-bluray-web: HTTP Request: POST http://REDACTED:7878/api/v3/customformat
[16:54:20 DBG] uhd-bluray-web: HTTP Response: 201 POST http://REDACTED:7878/api/v3/customformat
[16:54:20 DBG] uhd-bluray-web: HTTP Request: POST http://REDACTED:7878/api/v3/customformat
[16:54:20 DBG] uhd-bluray-web: HTTP Response: 201 POST http://REDACTED:7878/api/v3/customformat
[16:54:20 DBG] uhd-bluray-web: HTTP Request: POST http://REDACTED:7878/api/v3/customformat
[16:54:20 DBG] uhd-bluray-web: HTTP Response: 201 POST http://REDACTED:7878/api/v3/customformat
[16:54:20 DBG] uhd-bluray-web: HTTP Request: POST http://REDACTED:7878/api/v3/customformat
[16:54:20 DBG] uhd-bluray-web: HTTP Response: 201 POST http://REDACTED:7878/api/v3/customformat
[16:54:20 DBG] uhd-bluray-web: Saving Custom Format State to path /config/state/radarr/7de96ad84fa57af3/custom-format-mappings.json
[16:54:20 DBG] uhd-bluray-web: Pipeline CustomFormat result: Completed
[16:54:20 DBG] uhd-bluray-web: Executing Pipeline: Quality Definition
[16:54:20 DBG] uhd-bluray-web: HTTP Request: GET http://REDACTED:7878/api/v3/qualitydefinition
[16:54:20 DBG] uhd-bluray-web: HTTP Response: 200 GET http://REDACTED:7878/api/v3/qualitydefinition
[16:54:20 DBG] uhd-bluray-web: Processed Quality HDTV-720p: [IsDifferent: True] [Min: 0, 17.1] [Max: 100, 2000 (2000)] [Preferred: 95, 1999 (1999)]
[16:54:20 DBG] uhd-bluray-web: Processed Quality WEBDL-720p: [IsDifferent: True] [Min: 0, 12.5] [Max: 100, 2000 (2000)] [Preferred: 95, 1999 (1999)]
[16:54:20 DBG] uhd-bluray-web: Processed Quality WEBRip-720p: [IsDifferent: True] [Min: 0, 12.5] [Max: 100, 2000 (2000)] [Preferred: 95, 1999 (1999)]
[16:54:20 DBG] uhd-bluray-web: Processed Quality Bluray-720p: [IsDifferent: True] [Min: 0, 25.7] [Max: 100, 2000 (2000)] [Preferred: 95, 1999 (1999)]
[16:54:20 DBG] uhd-bluray-web: Processed Quality HDTV-1080p: [IsDifferent: True] [Min: 0, 33.8] [Max: 100, 2000 (2000)] [Preferred: 95, 1999 (1999)]
[16:54:20 DBG] uhd-bluray-web: Processed Quality WEBDL-1080p: [IsDifferent: True] [Min: 0, 12.5] [Max: 100, 2000 (2000)] [Preferred: 95, 1999 (1999)]
[16:54:20 DBG] uhd-bluray-web: Processed Quality WEBRip-1080p: [IsDifferent: True] [Min: 0, 12.5] [Max: 100, 2000 (2000)] [Preferred: 95, 1999 (1999)]
[16:54:20 DBG] uhd-bluray-web: Processed Quality Bluray-1080p: [IsDifferent: True] [Min: 0, 50.8] [Max: null, 2000 (2000)] [Preferred: null, 1999 (1999)]
[16:54:20 DBG] uhd-bluray-web: Processed Quality Remux-1080p: [IsDifferent: True] [Min: 0, 102] [Max: null, 2000 (2000)] [Preferred: null, 1999 (1999)]
[16:54:20 DBG] uhd-bluray-web: Processed Quality HDTV-2160p: [IsDifferent: True] [Min: 0, 85] [Max: null, 2000 (2000)] [Preferred: null, 1999 (1999)]
[16:54:20 DBG] uhd-bluray-web: Processed Quality WEBDL-2160p: [IsDifferent: True] [Min: 0, 34.5] [Max: null, 2000 (2000)] [Preferred: null, 1999 (1999)]
[16:54:20 DBG] uhd-bluray-web: Processed Quality WEBRip-2160p: [IsDifferent: True] [Min: 0, 34.5] [Max: null, 2000 (2000)] [Preferred: null, 1999 (1999)]
[16:54:20 DBG] uhd-bluray-web: Processed Quality Bluray-2160p: [IsDifferent: True] [Min: 0, 102] [Max: null, 2000 (2000)] [Preferred: null, 1999 (1999)]
[16:54:20 DBG] uhd-bluray-web: Processed Quality Remux-2160p: [IsDifferent: True] [Min: 0, 187.4] [Max: null, 2000 (2000)] [Preferred: null, 1999 (1999)]
[16:54:20 DBG] uhd-bluray-web: HTTP Request: PUT http://REDACTED:7878/api/v3/qualitydefinition/update
[16:54:20 DBG] uhd-bluray-web: HTTP Response: 202 PUT http://REDACTED:7878/api/v3/qualitydefinition/update
[16:54:20 INF] uhd-bluray-web: Total of 14 sizes were synced for quality definition movie
[16:54:20 DBG] uhd-bluray-web: Pipeline QualitySize result: Completed
[16:54:20 DBG] uhd-bluray-web: Executing Pipeline: Media Naming
[16:54:20 DBG] uhd-bluray-web: Pipeline MediaNaming result: Completed
[16:54:20 DBG] uhd-bluray-web: Executing Pipeline: Media Management
[16:54:20 DBG] uhd-bluray-web: Pipeline MediaManagement result: Completed
[16:54:20 DBG] uhd-bluray-web: Executing Pipeline: Quality Profile
[16:54:20 DBG] uhd-bluray-web: HTTP Request: GET http://REDACTED:7878/api/v3/qualityprofile
[16:54:20 DBG] uhd-bluray-web: HTTP Request: GET http://REDACTED:7878/api/v3/qualityprofile/schema
[16:54:20 DBG] uhd-bluray-web: HTTP Request: GET http://REDACTED:7878/api/v3/language
[16:54:20 DBG] uhd-bluray-web: HTTP Response: 200 GET http://REDACTED:7878/api/v3/qualityprofile
[16:54:20 DBG] uhd-bluray-web: HTTP Response: 200 GET http://REDACTED:7878/api/v3/qualityprofile/schema
[16:54:20 DBG] uhd-bluray-web: HTTP Response: 200 GET http://REDACTED:7878/api/v3/language
[16:54:20 DBG] uhd-bluray-web: Loading Quality Profile State from path: /config/state/radarr/7de96ad84fa57af3/quality-profile-mappings.json
[16:54:20 DBG] uhd-bluray-web: State path does not exist
[16:54:20 DBG] uhd-bluray-web: Pass 1: guide QP 64fb5f9858489bdac2af690e27c8f42f (UHD Bluray + WEB), exact cached ID: none
[16:54:20 DBG] uhd-bluray-web: Pass 2: trash_id 64fb5f9858489bdac2af690e27c8f42f has 0 unclaimed mapping(s) and 1 unmatched profile(s)
[16:54:20 DBG] uhd-bluray-web: HTTP Request: POST http://REDACTED:7878/api/v3/qualityprofile
[16:54:20 DBG] uhd-bluray-web: HTTP Response: 201 POST http://REDACTED:7878/api/v3/qualityprofile
[16:54:20 DBG] uhd-bluray-web: Saving Quality Profile State to path /config/state/radarr/7de96ad84fa57af3/quality-profile-mappings.json
[16:54:20 INF] uhd-bluray-web: Created 1 Profiles: ["UHD Bluray + WEB"]
[16:54:20 INF] uhd-bluray-web: A total of 1 profiles were synced. 0 contain quality changes and 0 contain updated scores
[16:54:20 DBG] uhd-bluray-web: Pipeline QualityProfile result: Completed
[16:54:20 INF] uhd-bluray-web: Completed at 07/20/2026 16:54:20
[16:54:20 DBG] CfGroup: Querying Sonarr CF groups
[16:54:20 DBG] CfGroup: Found 38 CF group files in registry
[16:54:20 DBG] CfGroup: Retrieved 38 Sonarr CF groups
[16:54:20 DBG] QualityProfile: Querying Sonarr quality profiles
[16:54:20 DBG] QualityProfile: Found 23 quality profile files in registry
[16:54:20 DBG] QualityProfile: Retrieved 23 Sonarr quality profiles
[16:54:20 INF] web-1080p: Processing Sonarr server web-1080p
[16:54:20 DBG] web-1080p: HTTP Request: GET http://REDACTED:8989/api/v3/system/status
[16:54:20 DBG] web-1080p: HTTP Response: 200 GET http://REDACTED:8989/api/v3/system/status
[16:54:20 DBG] web-1080p: Sonarr Version: 4.0.19.2979
[16:54:20 DBG] web-1080p: Running plan component: CustomFormatPlanComponent
[16:54:20 WRN] web-1080p: CF group '158188097a58d7687dee647e04af0da3': Selecting default CF '47435ece6b99a0b477caf360e79ba0bb' is redundant (default CFs are already included)
[16:54:20 WRN] web-1080p: CF group '85fae4a2294965b75710ef2989c850eb': Selecting required CF '218e93e5702f44a68ad9e3c6ba87d2f0' is redundant (required CFs are always included)
[16:54:20 WRN] web-1080p: CF group '85fae4a2294965b75710ef2989c850eb': Selecting required CF '43b3cf48cb385cd3eac608ee6bca7f09' is redundant (required CFs are always included)
[16:54:20 WRN] web-1080p: CF group '85fae4a2294965b75710ef2989c850eb': Selecting default CF '218e93e5702f44a68ad9e3c6ba87d2f0' is redundant (default CFs are already included)
[16:54:20 WRN] web-1080p: CF group '85fae4a2294965b75710ef2989c850eb': Selecting default CF '43b3cf48cb385cd3eac608ee6bca7f09' is redundant (default CFs are already included)
[16:54:20 WRN] web-1080p: CF group '59c3af66780d08332fdc64e68297098f': Selecting default CF '15a05bc7c1a36e2b57fd628f8977e2fc' is redundant (default CFs are already included)
[16:54:20 WRN] web-1080p: CF group '59c3af66780d08332fdc64e68297098f': Selecting default CF '32b367365729d530ca1c124a0b180c64' is redundant (default CFs are already included)
[16:54:20 WRN] web-1080p: CF group '59c3af66780d08332fdc64e68297098f': Selecting default CF '85c61753df5da1fb2aab6f2a47426b09' is redundant (default CFs are already included)
[16:54:20 WRN] web-1080p: CF group '59c3af66780d08332fdc64e68297098f': Selecting default CF 'fbcb31d8dabd2a319072b84fc0b7249c' is redundant (default CFs are already included)
[16:54:20 WRN] web-1080p: CF group '59c3af66780d08332fdc64e68297098f': Selecting default CF '9c11cd3f07101cdba90a2d81cf0e56b4' is redundant (default CFs are already included)
[16:54:20 WRN] web-1080p: CF group '59c3af66780d08332fdc64e68297098f': Selecting default CF 'e2315f990da2e2cbfc9fa5b7a6fcfe48' is redundant (default CFs are already included)
[16:54:20 WRN] web-1080p: CF group '59c3af66780d08332fdc64e68297098f': Selecting default CF '23297a736ca77c0fc8e70f8edd7ee56c' is redundant (default CFs are already included)
[16:54:20 DBG] web-1080p: CustomFormat: Querying Sonarr custom formats
[16:54:20 DBG] web-1080p: CustomFormat: Found 235 CF files in registry
[16:54:20 DBG] web-1080p: CustomFormat: Retrieved 235 Sonarr custom formats
[16:54:20 DBG] web-1080p: QualityProfile: Querying Sonarr quality profiles
[16:54:20 DBG] web-1080p: QualityProfile: Found 23 quality profile files in registry
[16:54:20 DBG] web-1080p: QualityProfile: Retrieved 23 Sonarr quality profiles
[16:54:20 DBG] web-1080p: CfGroup: Querying Sonarr CF groups
[16:54:20 DBG] web-1080p: CfGroup: Found 38 CF group files in registry
[16:54:20 DBG] web-1080p: CfGroup: Retrieved 38 Sonarr CF groups
[16:54:20 DBG] web-1080p: Auto-syncing default CF group [Optional] Language Profiles for profiles: WEB-1080p
[16:54:20 DBG] web-1080p: Auto-syncing default CF group [Streaming Services] General for profiles: WEB-1080p
[16:54:20 DBG] web-1080p: Running plan component: QualityProfilePlanComponent
[16:54:20 DBG] web-1080p: Planning quality profiles for Sonarr web-1080p: 1 profiles
[16:54:20 DBG] web-1080p:   Profile : TrashId=72dae194fc92bf828f32cde7744e51a1, MinUpgradeFormatScore=null
[16:54:20 DBG] web-1080p: QualityProfile: Querying Sonarr quality profiles
[16:54:20 DBG] web-1080p: QualityProfile: Found 23 quality profile files in registry
[16:54:20 DBG] web-1080p: QualityProfile: Retrieved 23 Sonarr quality profiles
[16:54:20 DBG] web-1080p: Running plan component: QualitySizePlanComponent
[16:54:20 DBG] web-1080p: QualitySize: Querying Sonarr quality sizes
[16:54:20 DBG] web-1080p: QualitySize: Found 2 quality size files in registry
[16:54:20 DBG] web-1080p: QualitySize: Retrieved 2 Sonarr quality size definitions
[16:54:20 DBG] web-1080p: Running plan component: MediaNamingPlanComponent
[16:54:20 DBG] web-1080p: MediaNaming: Querying Sonarr naming conventions
[16:54:20 DBG] web-1080p: MediaNaming: Found 1 naming files in registry
[16:54:20 DBG] web-1080p: MediaNaming: Retrieved 1 season, 6 series, 1 anime, 2 daily, 3 standard formats
[16:54:20 DBG] web-1080p: Running plan component: MediaManagementPlanComponent
[16:54:20 DBG] web-1080p: Pipeline execution order: CustomFormat -> QualitySize -> MediaNaming -> MediaManagement -> QualityProfile
[16:54:20 DBG] web-1080p: Executing Pipeline: Custom Format
[16:54:20 DBG] web-1080p: Loading Custom Format State from path: /config/state/sonarr/baa8de56199cb645/custom-format-mappings.json
[16:54:20 DBG] web-1080p: State path does not exist
[16:54:20 DBG] web-1080p: HTTP Request: GET http://REDACTED:8989/api/v3/customformat
[16:54:20 DBG] web-1080p: HTTP Response: 200 GET http://REDACTED:8989/api/v3/customformat
[16:54:20 DBG] web-1080p: Process transaction for guide CF ec8fa7296b64e8cd390a1600981f3923 (Repack/Proper)
[16:54:20 DBG] web-1080p: Process transaction for guide CF eb3d5cc0a2be0db205fb823640db6a3c (Repack2)
[16:54:20 DBG] web-1080p: Process transaction for guide CF 44e7c4de10ae50265753082e5dc76047 (Repack3)
[16:54:20 DBG] web-1080p: Process transaction for guide CF e6258996055b9fbab7e9cb2f75819294 (WEB Tier 01)
[16:54:20 DBG] web-1080p: Process transaction for guide CF 58790d4e2fdcd9733aa7ae68ba2bb503 (WEB Tier 02)
[16:54:20 DBG] web-1080p: Process transaction for guide CF d84935abd3f8556dcd51d4f27e22d0a6 (WEB Tier 03)
[16:54:20 DBG] web-1080p: Process transaction for guide CF d0c516558625b04b363fa6c5c2c7cfd4 (WEB Scene)
[16:54:20 DBG] web-1080p: Process transaction for guide CF ae575f95ab639ba5d15f663bf019e3e8 (Language: Not Original)
[16:54:20 DBG] web-1080p: Process transaction for guide CF d660701077794679fd59e8bdf4ce3a29 (AMZN)
[16:54:20 DBG] web-1080p: Process transaction for guide CF d9e511921c8cedc7282e291b0209cdc5 (ATV)
[16:54:20 DBG] web-1080p: Process transaction for guide CF f67c9ca88f463a48346062e8ad07713f (ATVP)
[16:54:20 DBG] web-1080p: Process transaction for guide CF 77a7b25585c18af08f60b1547bb9b4fb (CC)
[16:54:20 DBG] web-1080p: Process transaction for guide CF 36b72f59f4ea20aad9316f475f2d9fbb (DCU)
[16:54:20 DBG] web-1080p: Process transaction for guide CF 89358767a60cc28783cdc3d0be9388a4 (DSNP)
[16:54:20 DBG] web-1080p: Process transaction for guide CF 7a235133c87f7da4c8cccceca7e3c7a6 (HBO)
[16:54:20 DBG] web-1080p: Process transaction for guide CF a880d6abc21e7c16884f3ae393f84179 (HMAX)
[16:54:20 DBG] web-1080p: Process transaction for guide CF f6cce30f1733d5c8194222a7507909bb (HULU)
[16:54:20 DBG] web-1080p: Process transaction for guide CF 0ac24a2a68a9700bcb7eeca8e5cd644c (iT)
[16:54:20 DBG] web-1080p: Process transaction for guide CF 81d1fbf600e2540cee87f3a23f9d3c1c (MAX)
[16:54:20 DBG] web-1080p: Process transaction for guide CF d34870697c9db575f17700212167be23 (NF)
[16:54:20 DBG] web-1080p: Process transaction for guide CF 1656adc6d7bb2c8cca6acfb6592db421 (PCOK)
[16:54:20 DBG] web-1080p: Process transaction for guide CF c67a75ae4a1715f2bb4d492755ba4195 (PMTP)
[16:54:20 DBG] web-1080p: Process transaction for guide CF 6eb71887a8db6e783dd398446eb0e65d (PLAY)
[16:54:20 DBG] web-1080p: Process transaction for guide CF da393fd4e2c0cce7c9dc2669c43e0593 (ROKU)
[16:54:20 DBG] web-1080p: Process transaction for guide CF ae58039e1319178e6be73caab5c42166 (SHO)
[16:54:20 DBG] web-1080p: Process transaction for guide CF 1efe8da11bfd74fbbcd4d8117ddb9213 (STAN)
[16:54:20 DBG] web-1080p: Process transaction for guide CF 9623c5c9cac8e939c1b9aedd32f640bf (SYFY)
[16:54:20 DBG] web-1080p: Process transaction for guide CF 47435ece6b99a0b477caf360e79ba0bb (x265 (HD))
[16:54:20 DBG] web-1080p: Process transaction for guide CF 218e93e5702f44a68ad9e3c6ba87d2f0 (HD Streaming Boost)
[16:54:20 DBG] web-1080p: Process transaction for guide CF 43b3cf48cb385cd3eac608ee6bca7f09 (UHD Streaming Boost)
[16:54:20 DBG] web-1080p: Process transaction for guide CF 15a05bc7c1a36e2b57fd628f8977e2fc (AV1)
[16:54:20 DBG] web-1080p: Process transaction for guide CF 32b367365729d530ca1c124a0b180c64 (Bad Dual Groups)
[16:54:20 DBG] web-1080p: Process transaction for guide CF 85c61753df5da1fb2aab6f2a47426b09 (BR-DISK)
[16:54:20 DBG] web-1080p: Process transaction for guide CF 6f808933a71bd9666531610cb8c059cc (BR-DISK (BTN))
[16:54:20 DBG] web-1080p: Process transaction for guide CF fbcb31d8dabd2a319072b84fc0b7249c (Extras)
[16:54:20 DBG] web-1080p: Process transaction for guide CF 9c11cd3f07101cdba90a2d81cf0e56b4 (LQ)
[16:54:20 DBG] web-1080p: Process transaction for guide CF e2315f990da2e2cbfc9fa5b7a6fcfe48 (LQ (Release Title))
[16:54:20 DBG] web-1080p: Process transaction for guide CF 23297a736ca77c0fc8e70f8edd7ee56c (Upscaled)
[16:54:20 INF] web-1080p: Created 38 New Custom Formats
[16:54:20 DBG] web-1080p: > Created: ec8fa7296b64e8cd390a1600981f3923 (Repack/Proper)
[16:54:20 DBG] web-1080p: > Created: eb3d5cc0a2be0db205fb823640db6a3c (Repack2)
[16:54:20 DBG] web-1080p: > Created: 44e7c4de10ae50265753082e5dc76047 (Repack3)
[16:54:20 DBG] web-1080p: > Created: e6258996055b9fbab7e9cb2f75819294 (WEB Tier 01)
[16:54:20 DBG] web-1080p: > Created: 58790d4e2fdcd9733aa7ae68ba2bb503 (WEB Tier 02)
[16:54:20 DBG] web-1080p: > Created: d84935abd3f8556dcd51d4f27e22d0a6 (WEB Tier 03)
[16:54:20 DBG] web-1080p: > Created: d0c516558625b04b363fa6c5c2c7cfd4 (WEB Scene)
[16:54:20 DBG] web-1080p: > Created: ae575f95ab639ba5d15f663bf019e3e8 (Language: Not Original)
[16:54:20 DBG] web-1080p: > Created: d660701077794679fd59e8bdf4ce3a29 (AMZN)
[16:54:20 DBG] web-1080p: > Created: d9e511921c8cedc7282e291b0209cdc5 (ATV)
[16:54:20 DBG] web-1080p: > Created: f67c9ca88f463a48346062e8ad07713f (ATVP)
[16:54:20 DBG] web-1080p: > Created: 77a7b25585c18af08f60b1547bb9b4fb (CC)
[16:54:20 DBG] web-1080p: > Created: 36b72f59f4ea20aad9316f475f2d9fbb (DCU)
[16:54:20 DBG] web-1080p: > Created: 89358767a60cc28783cdc3d0be9388a4 (DSNP)
[16:54:20 DBG] web-1080p: > Created: 7a235133c87f7da4c8cccceca7e3c7a6 (HBO)
[16:54:20 DBG] web-1080p: > Created: a880d6abc21e7c16884f3ae393f84179 (HMAX)
[16:54:20 DBG] web-1080p: > Created: f6cce30f1733d5c8194222a7507909bb (HULU)
[16:54:20 DBG] web-1080p: > Created: 0ac24a2a68a9700bcb7eeca8e5cd644c (iT)
[16:54:20 DBG] web-1080p: > Created: 81d1fbf600e2540cee87f3a23f9d3c1c (MAX)
[16:54:20 DBG] web-1080p: > Created: d34870697c9db575f17700212167be23 (NF)
[16:54:20 DBG] web-1080p: > Created: 1656adc6d7bb2c8cca6acfb6592db421 (PCOK)
[16:54:20 DBG] web-1080p: > Created: c67a75ae4a1715f2bb4d492755ba4195 (PMTP)
[16:54:20 DBG] web-1080p: > Created: 6eb71887a8db6e783dd398446eb0e65d (PLAY)
[16:54:20 DBG] web-1080p: > Created: da393fd4e2c0cce7c9dc2669c43e0593 (ROKU)
[16:54:20 DBG] web-1080p: > Created: ae58039e1319178e6be73caab5c42166 (SHO)
[16:54:20 DBG] web-1080p: > Created: 1efe8da11bfd74fbbcd4d8117ddb9213 (STAN)
[16:54:20 DBG] web-1080p: > Created: 9623c5c9cac8e939c1b9aedd32f640bf (SYFY)
[16:54:20 DBG] web-1080p: > Created: 47435ece6b99a0b477caf360e79ba0bb (x265 (HD))
[16:54:20 DBG] web-1080p: > Created: 218e93e5702f44a68ad9e3c6ba87d2f0 (HD Streaming Boost)
[16:54:20 DBG] web-1080p: > Created: 43b3cf48cb385cd3eac608ee6bca7f09 (UHD Streaming Boost)
[16:54:20 DBG] web-1080p: > Created: 15a05bc7c1a36e2b57fd628f8977e2fc (AV1)
[16:54:20 DBG] web-1080p: > Created: 32b367365729d530ca1c124a0b180c64 (Bad Dual Groups)
[16:54:20 DBG] web-1080p: > Created: 85c61753df5da1fb2aab6f2a47426b09 (BR-DISK)
[16:54:20 DBG] web-1080p: > Created: 6f808933a71bd9666531610cb8c059cc (BR-DISK (BTN))
[16:54:20 DBG] web-1080p: > Created: fbcb31d8dabd2a319072b84fc0b7249c (Extras)
[16:54:20 DBG] web-1080p: > Created: 9c11cd3f07101cdba90a2d81cf0e56b4 (LQ)
[16:54:20 DBG] web-1080p: > Created: e2315f990da2e2cbfc9fa5b7a6fcfe48 (LQ (Release Title))
[16:54:20 DBG] web-1080p: > Created: 23297a736ca77c0fc8e70f8edd7ee56c (Upscaled)
[16:54:20 INF] web-1080p: Total of 38 custom formats were synced
[16:54:20 DBG] web-1080p: HTTP Request: POST http://REDACTED:8989/api/v3/customformat
[16:54:20 DBG] web-1080p: HTTP Response: 201 POST http://REDACTED:8989/api/v3/customformat
[16:54:20 DBG] web-1080p: HTTP Request: POST http://REDACTED:8989/api/v3/customformat
[16:54:20 DBG] web-1080p: HTTP Response: 201 POST http://REDACTED:8989/api/v3/customformat
[16:54:20 DBG] web-1080p: HTTP Request: POST http://REDACTED:8989/api/v3/customformat
[16:54:20 DBG] web-1080p: HTTP Response: 201 POST http://REDACTED:8989/api/v3/customformat
[16:54:20 DBG] web-1080p: HTTP Request: POST http://REDACTED:8989/api/v3/customformat
[16:54:21 DBG] web-1080p: HTTP Response: 201 POST http://REDACTED:8989/api/v3/customformat
[16:54:21 DBG] web-1080p: HTTP Request: POST http://REDACTED:8989/api/v3/customformat
[16:54:21 DBG] web-1080p: HTTP Response: 201 POST http://REDACTED:8989/api/v3/customformat
[16:54:21 DBG] web-1080p: HTTP Request: POST http://REDACTED:8989/api/v3/customformat
[16:54:21 DBG] web-1080p: HTTP Response: 201 POST http://REDACTED:8989/api/v3/customformat
[16:54:21 DBG] web-1080p: HTTP Request: POST http://REDACTED:8989/api/v3/customformat
[16:54:21 DBG] web-1080p: HTTP Response: 201 POST http://REDACTED:8989/api/v3/customformat
[16:54:21 DBG] web-1080p: HTTP Request: POST http://REDACTED:8989/api/v3/customformat
[16:54:21 DBG] web-1080p: HTTP Response: 201 POST http://REDACTED:8989/api/v3/customformat
[16:54:21 DBG] web-1080p: HTTP Request: POST http://REDACTED:8989/api/v3/customformat
[16:54:21 DBG] web-1080p: HTTP Response: 201 POST http://REDACTED:8989/api/v3/customformat
[16:54:21 DBG] web-1080p: HTTP Request: POST http://REDACTED:8989/api/v3/customformat
[16:54:21 DBG] web-1080p: HTTP Response: 201 POST http://REDACTED:8989/api/v3/customformat
[16:54:21 DBG] web-1080p: HTTP Request: POST http://REDACTED:8989/api/v3/customformat
[16:54:21 DBG] web-1080p: HTTP Response: 201 POST http://REDACTED:8989/api/v3/customformat
[16:54:21 DBG] web-1080p: HTTP Request: POST http://REDACTED:8989/api/v3/customformat
[16:54:21 DBG] web-1080p: HTTP Response: 201 POST http://REDACTED:8989/api/v3/customformat
[16:54:21 DBG] web-1080p: HTTP Request: POST http://REDACTED:8989/api/v3/customformat
[16:54:21 DBG] web-1080p: HTTP Response: 201 POST http://REDACTED:8989/api/v3/customformat
[16:54:21 DBG] web-1080p: HTTP Request: POST http://REDACTED:8989/api/v3/customformat
[16:54:21 DBG] web-1080p: HTTP Response: 201 POST http://REDACTED:8989/api/v3/customformat
[16:54:21 DBG] web-1080p: HTTP Request: POST http://REDACTED:8989/api/v3/customformat
[16:54:21 DBG] web-1080p: HTTP Response: 201 POST http://REDACTED:8989/api/v3/customformat
[16:54:21 DBG] web-1080p: HTTP Request: POST http://REDACTED:8989/api/v3/customformat
[16:54:21 DBG] web-1080p: HTTP Response: 201 POST http://REDACTED:8989/api/v3/customformat
[16:54:21 DBG] web-1080p: HTTP Request: POST http://REDACTED:8989/api/v3/customformat
[16:54:21 DBG] web-1080p: HTTP Response: 201 POST http://REDACTED:8989/api/v3/customformat
[16:54:21 DBG] web-1080p: HTTP Request: POST http://REDACTED:8989/api/v3/customformat
[16:54:21 DBG] web-1080p: HTTP Response: 201 POST http://REDACTED:8989/api/v3/customformat
[16:54:21 DBG] web-1080p: HTTP Request: POST http://REDACTED:8989/api/v3/customformat
[16:54:21 DBG] web-1080p: HTTP Response: 201 POST http://REDACTED:8989/api/v3/customformat
[16:54:21 DBG] web-1080p: HTTP Request: POST http://REDACTED:8989/api/v3/customformat
[16:54:21 DBG] web-1080p: HTTP Response: 201 POST http://REDACTED:8989/api/v3/customformat
[16:54:21 DBG] web-1080p: HTTP Request: POST http://REDACTED:8989/api/v3/customformat
[16:54:21 DBG] web-1080p: HTTP Response: 201 POST http://REDACTED:8989/api/v3/customformat
[16:54:21 DBG] web-1080p: HTTP Request: POST http://REDACTED:8989/api/v3/customformat
[16:54:21 DBG] web-1080p: HTTP Response: 201 POST http://REDACTED:8989/api/v3/customformat
[16:54:21 DBG] web-1080p: HTTP Request: POST http://REDACTED:8989/api/v3/customformat
[16:54:21 DBG] web-1080p: HTTP Response: 201 POST http://REDACTED:8989/api/v3/customformat
[16:54:21 DBG] web-1080p: HTTP Request: POST http://REDACTED:8989/api/v3/customformat
[16:54:21 DBG] web-1080p: HTTP Response: 201 POST http://REDACTED:8989/api/v3/customformat
[16:54:21 DBG] web-1080p: HTTP Request: POST http://REDACTED:8989/api/v3/customformat
[16:54:21 DBG] web-1080p: HTTP Response: 201 POST http://REDACTED:8989/api/v3/customformat
[16:54:21 DBG] web-1080p: HTTP Request: POST http://REDACTED:8989/api/v3/customformat
[16:54:21 DBG] web-1080p: HTTP Response: 201 POST http://REDACTED:8989/api/v3/customformat
[16:54:21 DBG] web-1080p: HTTP Request: POST http://REDACTED:8989/api/v3/customformat
[16:54:21 DBG] web-1080p: HTTP Response: 201 POST http://REDACTED:8989/api/v3/customformat
[16:54:21 DBG] web-1080p: HTTP Request: POST http://REDACTED:8989/api/v3/customformat
[16:54:21 DBG] web-1080p: HTTP Response: 201 POST http://REDACTED:8989/api/v3/customformat
[16:54:21 DBG] web-1080p: HTTP Request: POST http://REDACTED:8989/api/v3/customformat
[16:54:21 DBG] web-1080p: HTTP Response: 201 POST http://REDACTED:8989/api/v3/customformat
[16:54:21 DBG] web-1080p: HTTP Request: POST http://REDACTED:8989/api/v3/customformat
[16:54:21 DBG] web-1080p: HTTP Response: 201 POST http://REDACTED:8989/api/v3/customformat
[16:54:21 DBG] web-1080p: HTTP Request: POST http://REDACTED:8989/api/v3/customformat
[16:54:21 DBG] web-1080p: HTTP Response: 201 POST http://REDACTED:8989/api/v3/customformat
[16:54:21 DBG] web-1080p: HTTP Request: POST http://REDACTED:8989/api/v3/customformat
[16:54:21 DBG] web-1080p: HTTP Response: 201 POST http://REDACTED:8989/api/v3/customformat
[16:54:21 DBG] web-1080p: HTTP Request: POST http://REDACTED:8989/api/v3/customformat
[16:54:21 DBG] web-1080p: HTTP Response: 201 POST http://REDACTED:8989/api/v3/customformat
[16:54:21 DBG] web-1080p: HTTP Request: POST http://REDACTED:8989/api/v3/customformat
[16:54:21 DBG] web-1080p: HTTP Response: 201 POST http://REDACTED:8989/api/v3/customformat
[16:54:21 DBG] web-1080p: HTTP Request: POST http://REDACTED:8989/api/v3/customformat
[16:54:21 DBG] web-1080p: HTTP Response: 201 POST http://REDACTED:8989/api/v3/customformat
[16:54:21 DBG] web-1080p: HTTP Request: POST http://REDACTED:8989/api/v3/customformat
[16:54:21 DBG] web-1080p: HTTP Response: 201 POST http://REDACTED:8989/api/v3/customformat
[16:54:21 DBG] web-1080p: HTTP Request: POST http://REDACTED:8989/api/v3/customformat
[16:54:21 DBG] web-1080p: HTTP Response: 201 POST http://REDACTED:8989/api/v3/customformat
[16:54:21 DBG] web-1080p: HTTP Request: POST http://REDACTED:8989/api/v3/customformat
[16:54:21 DBG] web-1080p: HTTP Response: 201 POST http://REDACTED:8989/api/v3/customformat
[16:54:21 DBG] web-1080p: Saving Custom Format State to path /config/state/sonarr/baa8de56199cb645/custom-format-mappings.json
[16:54:21 DBG] web-1080p: Pipeline CustomFormat result: Completed
[16:54:21 DBG] web-1080p: Executing Pipeline: Quality Definition
[16:54:21 DBG] web-1080p: HTTP Request: GET http://REDACTED:8989/api/v3/qualitydefinition
[16:54:21 DBG] web-1080p: HTTP Response: 200 GET http://REDACTED:8989/api/v3/qualitydefinition
[16:54:21 DBG] web-1080p: Processed Quality HDTV-720p: [IsDifferent: True] [Min: 3, 10] [Max: 125, 1000 (1000)] [Preferred: 95, 995 (995)]
[16:54:21 DBG] web-1080p: Processed Quality HDTV-1080p: [IsDifferent: True] [Min: 4, 15] [Max: 125, 1000 (1000)] [Preferred: 95, 995 (995)]
[16:54:21 DBG] web-1080p: Processed Quality WEBRip-720p: [IsDifferent: True] [Min: 3, 10] [Max: 130, 1000 (1000)] [Preferred: 95, 995 (995)]
[16:54:21 DBG] web-1080p: Processed Quality WEBDL-720p: [IsDifferent: True] [Min: 3, 10] [Max: 130, 1000 (1000)] [Preferred: 95, 995 (995)]
[16:54:21 DBG] web-1080p: Processed Quality Bluray-720p: [IsDifferent: True] [Min: 4, 17.1] [Max: 130, 1000 (1000)] [Preferred: 95, 995 (995)]
[16:54:21 DBG] web-1080p: Processed Quality WEBRip-1080p: [IsDifferent: True] [Min: 4, 15] [Max: 130, 1000 (1000)] [Preferred: 95, 995 (995)]
[16:54:21 DBG] web-1080p: Processed Quality WEBDL-1080p: [IsDifferent: True] [Min: 4, 15] [Max: 130, 1000 (1000)] [Preferred: 95, 995 (995)]
[16:54:21 DBG] web-1080p: Processed Quality Bluray-1080p: [IsDifferent: True] [Min: 4, 50.4] [Max: 155, 1000 (1000)] [Preferred: 95, 995 (995)]
[16:54:21 DBG] web-1080p: Processed Quality Bluray-1080p Remux: [IsDifferent: True] [Min: 35, 69.1] [Max: null, 1000 (1000)] [Preferred: 95, 995 (995)]
[16:54:21 DBG] web-1080p: Processed Quality HDTV-2160p: [IsDifferent: True] [Min: 35, 25] [Max: 199.9, 1000 (1000)] [Preferred: 95, 995 (995)]
[16:54:21 DBG] web-1080p: Processed Quality WEBRip-2160p: [IsDifferent: True] [Min: 35, 25] [Max: null, 1000 (1000)] [Preferred: 95, 995 (995)]
[16:54:21 DBG] web-1080p: Processed Quality WEBDL-2160p: [IsDifferent: True] [Min: 35, 25] [Max: null, 1000 (1000)] [Preferred: 95, 995 (995)]
[16:54:21 DBG] web-1080p: Processed Quality Bluray-2160p: [IsDifferent: True] [Min: 35, 94.6] [Max: null, 1000 (1000)] [Preferred: 95, 995 (995)]
[16:54:21 DBG] web-1080p: Processed Quality Bluray-2160p Remux: [IsDifferent: True] [Min: 35, 187.4] [Max: null, 1000 (1000)] [Preferred: 95, 995 (995)]
[16:54:21 DBG] web-1080p: HTTP Request: PUT http://REDACTED:8989/api/v3/qualitydefinition/update
[16:54:21 DBG] web-1080p: HTTP Response: 202 PUT http://REDACTED:8989/api/v3/qualitydefinition/update
[16:54:21 INF] web-1080p: Total of 14 sizes were synced for quality definition series
[16:54:21 DBG] web-1080p: Pipeline QualitySize result: Completed
[16:54:21 DBG] web-1080p: Executing Pipeline: Media Naming
[16:54:21 DBG] web-1080p: Pipeline MediaNaming result: Completed
[16:54:21 DBG] web-1080p: Executing Pipeline: Media Management
[16:54:21 DBG] web-1080p: Pipeline MediaManagement result: Completed
[16:54:21 DBG] web-1080p: Executing Pipeline: Quality Profile
[16:54:21 DBG] web-1080p: HTTP Request: GET http://REDACTED:8989/api/v3/qualityprofile
[16:54:21 DBG] web-1080p: HTTP Request: GET http://REDACTED:8989/api/v3/qualityprofile/schema
[16:54:21 DBG] web-1080p: HTTP Request: GET http://REDACTED:8989/api/v3/language
[16:54:21 DBG] web-1080p: HTTP Response: 200 GET http://REDACTED:8989/api/v3/qualityprofile
[16:54:21 DBG] web-1080p: HTTP Response: 200 GET http://REDACTED:8989/api/v3/qualityprofile/schema
[16:54:21 DBG] web-1080p: HTTP Response: 200 GET http://REDACTED:8989/api/v3/language
[16:54:21 DBG] web-1080p: Loading Quality Profile State from path: /config/state/sonarr/baa8de56199cb645/quality-profile-mappings.json
[16:54:21 DBG] web-1080p: State path does not exist
[16:54:21 DBG] web-1080p: Pass 1: guide QP 72dae194fc92bf828f32cde7744e51a1 (WEB-1080p), exact cached ID: none
[16:54:21 DBG] web-1080p: Pass 2: trash_id 72dae194fc92bf828f32cde7744e51a1 has 0 unclaimed mapping(s) and 1 unmatched profile(s)
[16:54:21 DBG] web-1080p: HTTP Request: POST http://REDACTED:8989/api/v3/qualityprofile
[16:54:21 DBG] web-1080p: HTTP Response: 201 POST http://REDACTED:8989/api/v3/qualityprofile
[16:54:21 DBG] web-1080p: Saving Quality Profile State to path /config/state/sonarr/baa8de56199cb645/quality-profile-mappings.json
[16:54:21 INF] web-1080p: Created 1 Profiles: ["WEB-1080p"]
[16:54:21 INF] web-1080p: A total of 1 profiles were synced. 0 contain quality changes and 0 contain updated scores
[16:54:21 DBG] web-1080p: Pipeline QualityProfile result: Completed
[16:54:21 INF] web-1080p: Completed at 07/20/2026 16:54:21
[16:54:21 DBG] Cleaning up logs using max files of 20
